// Jest Snapshot v1, https://goo.gl/fbAQLP

exports[`transpile flow inside jsx 1`] = `
"(function() {

/* index$$_$$1 */

// @flow
// The following test makes sure that builtin transpiler strips type annotations
// from inside JSX
const $i__index$$_$$1__Component = props => React.createElement(\\"div\\", null, item => {
    
  }
  );

const $n__index$$_$$1 = { exports: {} };
})()
"
`;
