// Jest Snapshot v1, https://goo.gl/fbAQLP

exports[`--stats=json add modulesPaths in dev 1`] = `
Object {
  "modulesPaths": Array [
    "./dep1.js",
    "./dep2.js",
    "./index.js",
  ],
}
`;

exports[`--stats=json add modulesPaths in prod 1`] = `
Object {
  "modulesPaths": Array [
    "./dep1.js",
    "./dep2.js",
    "./index.js",
  ],
}
`;
